## Footprint report - date 2026-09-05T20:31:16
## Printed by KiCad version 10.0.5
## Unit = mm, Angle = deg.

$BeginDESCRIPTION

$BOARD
upper_left_corner 143.467463 48.095000
$EndBOARD

$MODULE BT1
reference BT1
value Battery_Cell
footprint Battery:BatteryHolder_Keystone_1058_1x2032
attribut smd
position 218.320000 64.570000  orientation -90.00
layer front
$PAD "1"
Shape Rect Layer front
position -14.680000  0.000000 size  2.540000  3.510000 orientation 270.00
drill  0.000000
shape_offset  0.000000  0.000000
$EndPAD
$PAD "2"
Shape Rect Layer front
position 14.680000  0.000000 size  2.540000  3.510000 orientation 270.00
drill  0.000000
shape_offset  0.000000  0.000000
$EndPAD
$EndMODULE BT1

$MODULE C1
reference C1
value 10uF
footprint Capacitor_THT:CP_Radial_D5.0mm_P2.50mm
attribut none
position 204.610000 64.430000  orientation 180.00
layer front
$PAD "1"
Shape Roundrect Layer both
position  0.000000  0.000000 size  1.600000  1.600000 orientation 180.00
drill  0.800000
shape_offset  0.000000  0.000000
$EndPAD
$PAD "2"
Shape Circle Layer both
position  2.500000  0.000000 size  1.600000  1.600000 orientation 180.00
drill  0.800000
shape_offset  0.000000  0.000000
$EndPAD
$EndMODULE C1

$MODULE C2
reference C2
value 10uF
footprint Capacitor_THT:CP_Radial_D5.0mm_P2.50mm
attribut none
position 179.440000 75.680000  orientation 180.00
layer front
$PAD "1"
Shape Roundrect Layer both
position  0.000000  0.000000 size  1.600000  1.600000 orientation 180.00
drill  0.800000
shape_offset  0.000000  0.000000
$EndPAD
$PAD "2"
Shape Circle Layer both
position  2.500000  0.000000 size  1.600000  1.600000 orientation 180.00
drill  0.800000
shape_offset  0.000000  0.000000
$EndPAD
$EndMODULE C2

$MODULE D1
reference D1
value LED
footprint LED_THT:LED_D5.0mm
attribut none
position 170.840000 54.070000  orientation 180.00
layer front
$PAD "1"
Shape Rect Layer both
position  0.000000  0.000000 size  1.800000  1.800000 orientation 180.00
drill  0.900000
shape_offset  0.000000  0.000000
$EndPAD
$PAD "2"
Shape Circle Layer both
position  2.540000  0.000000 size  1.800000  1.800000 orientation 180.00
drill  0.900000
shape_offset  0.000000  0.000000
$EndPAD
$EndMODULE D1

$MODULE D2
reference D2
value LED
footprint LED_THT:LED_D5.0mm
attribut none
position 184.560000 53.440000  orientation 180.00
layer front
$PAD "1"
Shape Rect Layer both
position  0.000000  0.000000 size  1.800000  1.800000 orientation 180.00
drill  0.900000
shape_offset  0.000000  0.000000
$EndPAD
$PAD "2"
Shape Circle Layer both
position  2.540000  0.000000 size  1.800000  1.800000 orientation 180.00
drill  0.900000
shape_offset  0.000000  0.000000
$EndPAD
$EndMODULE D2

$MODULE D3
reference D3
value LED
footprint LED_THT:LED_D5.0mm
attribut none
position 196.460000 53.210000  orientation 180.00
layer front
$PAD "1"
Shape Rect Layer both
position  0.000000  0.000000 size  1.800000  1.800000 orientation 180.00
drill  0.900000
shape_offset  0.000000  0.000000
$EndPAD
$PAD "2"
Shape Circle Layer both
position  2.540000  0.000000 size  1.800000  1.800000 orientation 180.00
drill  0.900000
shape_offset  0.000000  0.000000
$EndPAD
$EndMODULE D3

$MODULE G***
reference G***
value LOGO
footprint Camera Roll:PICTURE
attribut virtual
position 149.850000 63.710000  orientation 90.00
layer front
$EndMODULE G***

$MODULE Q1
reference Q1
value 2N3904
footprint Package_TO_SOT_THT:TO-92_Inline
attribut none
position 182.700000 63.570000  orientation 180.00
layer front
$PAD "1"
Shape Rect Layer both
position  0.000000  0.000000 size  1.050000  1.500000 orientation 180.00
drill  0.750000
shape_offset  0.000000  0.000000
$EndPAD
$PAD "2"
Shape Oval Layer both
position  1.270000  0.000000 size  1.050000  1.500000 orientation 180.00
drill  0.750000
shape_offset  0.000000  0.000000
$EndPAD
$PAD "3"
Shape Oval Layer both
position  2.540000  0.000000 size  1.050000  1.500000 orientation 180.00
drill  0.750000
shape_offset  0.000000  0.000000
$EndPAD
$EndMODULE Q1

$MODULE Q2
reference Q2
value 2N3904
footprint Package_TO_SOT_THT:TO-92_Inline
attribut none
position 191.940000 64.090000  orientation 180.00
layer front
$PAD "1"
Shape Rect Layer both
position  0.000000  0.000000 size  1.050000  1.500000 orientation 180.00
drill  0.750000
shape_offset  0.000000  0.000000
$EndPAD
$PAD "2"
Shape Oval Layer both
position  1.270000  0.000000 size  1.050000  1.500000 orientation 180.00
drill  0.750000
shape_offset  0.000000  0.000000
$EndPAD
$PAD "3"
Shape Oval Layer both
position  2.540000  0.000000 size  1.050000  1.500000 orientation 180.00
drill  0.750000
shape_offset  0.000000  0.000000
$EndPAD
$EndMODULE Q2

$MODULE Q3
reference Q3
value 2N3904
footprint Package_TO_SOT_THT:TO-92_Inline
attribut none
position 198.810000 64.230000  orientation 180.00
layer front
$PAD "1"
Shape Rect Layer both
position  0.000000  0.000000 size  1.050000  1.500000 orientation 180.00
drill  0.750000
shape_offset  0.000000  0.000000
$EndPAD
$PAD "2"
Shape Oval Layer both
position  1.270000  0.000000 size  1.050000  1.500000 orientation 180.00
drill  0.750000
shape_offset  0.000000  0.000000
$EndPAD
$PAD "3"
Shape Oval Layer both
position  2.540000  0.000000 size  1.050000  1.500000 orientation 180.00
drill  0.750000
shape_offset  0.000000  0.000000
$EndPAD
$EndMODULE Q3

$MODULE R1
reference R1
value 220
footprint Resistor_THT:R_Axial_DIN0207_L6.3mm_D2.5mm_P7.62mm_Horizontal
attribut none
position 159.690000 58.960000  orientation 90.00
layer front
$PAD "1"
Shape Circle Layer both
position  0.000000  0.000000 size  1.600000  1.600000 orientation 90.00
drill  0.800000
shape_offset  0.000000  0.000000
$EndPAD
$PAD "2"
Shape Circle Layer both
position  7.620000  0.000000 size  1.600000  1.600000 orientation 90.00
drill  0.800000
shape_offset  0.000000  0.000000
$EndPAD
$EndMODULE R1

$MODULE R2
reference R2
value 220
footprint Resistor_THT:R_Axial_DIN0207_L6.3mm_D2.5mm_P7.62mm_Horizontal
attribut none
position 175.380000 58.320000  orientation 90.00
layer front
$PAD "1"
Shape Circle Layer both
position  0.000000  0.000000 size  1.600000  1.600000 orientation 90.00
drill  0.800000
shape_offset  0.000000  0.000000
$EndPAD
$PAD "2"
Shape Circle Layer both
position  7.620000  0.000000 size  1.600000  1.600000 orientation 90.00
drill  0.800000
shape_offset  0.000000  0.000000
$EndPAD
$EndMODULE R2

$MODULE R3
reference R3
value 220
footprint Resistor_THT:R_Axial_DIN0207_L6.3mm_D2.5mm_P7.62mm_Horizontal
attribut none
position 189.280000 58.340000  orientation 90.00
layer front
$PAD "1"
Shape Circle Layer both
position  0.000000  0.000000 size  1.600000  1.600000 orientation 90.00
drill  0.800000
shape_offset  0.000000  0.000000
$EndPAD
$PAD "2"
Shape Circle Layer both
position  7.620000  0.000000 size  1.600000  1.600000 orientation 90.00
drill  0.800000
shape_offset  0.000000  0.000000
$EndPAD
$EndMODULE R3

$MODULE R4
reference R4
value 4.7K
footprint Resistor_THT:R_Axial_DIN0207_L6.3mm_D2.5mm_P7.62mm_Horizontal
attribut none
position 181.780000 70.790000  orientation 0.00
layer front
$PAD "1"
Shape Circle Layer both
position  0.000000  0.000000 size  1.600000  1.600000 orientation 0.00
drill  0.800000
shape_offset  0.000000  0.000000
$EndPAD
$PAD "2"
Shape Circle Layer both
position  7.620000  0.000000 size  1.600000  1.600000 orientation 0.00
drill  0.800000
shape_offset  0.000000  0.000000
$EndPAD
$EndMODULE R4

$MODULE R5
reference R5
value 4.7K
footprint Resistor_THT:R_Axial_DIN0207_L6.3mm_D2.5mm_P7.62mm_Horizontal
attribut none
position 192.850000 71.670000  orientation 0.00
layer front
$PAD "1"
Shape Circle Layer both
position  0.000000  0.000000 size  1.600000  1.600000 orientation 0.00
drill  0.800000
shape_offset  0.000000  0.000000
$EndPAD
$PAD "2"
Shape Circle Layer both
position  7.620000  0.000000 size  1.600000  1.600000 orientation 0.00
drill  0.800000
shape_offset  0.000000  0.000000
$EndPAD
$EndMODULE R5

$MODULE R6
reference R6
value 4.7K
footprint Resistor_THT:R_Axial_DIN0207_L6.3mm_D2.5mm_P7.62mm_Horizontal
attribut none
position 204.960000 69.320000  orientation -90.00
layer front
$PAD "1"
Shape Circle Layer both
position  0.000000  0.000000 size  1.600000  1.600000 orientation 270.00
drill  0.800000
shape_offset  0.000000  0.000000
$EndPAD
$PAD "2"
Shape Circle Layer both
position  7.620000  0.000000 size  1.600000  1.600000 orientation 270.00
drill  0.800000
shape_offset  0.000000  0.000000
$EndPAD
$EndMODULE R6

$MODULE R7
reference R7
value 47K
footprint Resistor_THT:R_Axial_DIN0207_L6.3mm_D2.5mm_P7.62mm_Horizontal
attribut none
position 161.490000 61.410000  orientation -90.00
layer front
$PAD "1"
Shape Circle Layer both
position  0.000000  0.000000 size  1.600000  1.600000 orientation 270.00
drill  0.800000
shape_offset  0.000000  0.000000
$EndPAD
$PAD "2"
Shape Circle Layer both
position  7.620000  0.000000 size  1.600000  1.600000 orientation 270.00
drill  0.800000
shape_offset  0.000000  0.000000
$EndPAD
$EndMODULE R7

$MODULE R8
reference R8
value 47K
footprint Resistor_THT:R_Axial_DIN0207_L6.3mm_D2.5mm_P7.62mm_Horizontal
attribut none
position 165.975000 75.975000  orientation 0.00
layer front
$PAD "1"
Shape Circle Layer both
position  0.000000  0.000000 size  1.600000  1.600000 orientation 0.00
drill  0.800000
shape_offset  0.000000  0.000000
$EndPAD
$PAD "2"
Shape Circle Layer both
position  7.620000  0.000000 size  1.600000  1.600000 orientation 0.00
drill  0.800000
shape_offset  0.000000  0.000000
$EndPAD
$EndMODULE R8

$MODULE SW1
reference SW1
value SW_Push
footprint Button_Switch_THT:SW_PUSH_6mm
attribut none
position 206.670000 55.680000  orientation 180.00
layer front
$PAD "1"
Shape Circle Layer both
position  0.000000  0.000000 size  2.000000  2.000000 orientation 270.00
drill  1.100000
shape_offset  0.000000  0.000000
$EndPAD
$PAD "1"
Shape Circle Layer both
position  6.500000  0.000000 size  2.000000  2.000000 orientation 270.00
drill  1.100000
shape_offset  0.000000  0.000000
$EndPAD
$PAD "2"
Shape Circle Layer both
position  0.000000  4.500000 size  2.000000  2.000000 orientation 270.00
drill  1.100000
shape_offset  0.000000  0.000000
$EndPAD
$PAD "2"
Shape Circle Layer both
position  6.500000  4.500000 size  2.000000  2.000000 orientation 270.00
drill  1.100000
shape_offset  0.000000  0.000000
$EndPAD
$EndMODULE SW1

$MODULE U2
reference U2
value TLC555xP
footprint Package_DIP:DIP-8_W7.62mm
attribut none
position 173.600000 70.020000  orientation 180.00
layer front
$PAD "1"
Shape Roundrect Layer both
position  0.000000  0.000000 size  1.600000  1.600000 orientation 180.00
drill  0.800000
shape_offset  0.000000  0.000000
$EndPAD
$PAD "2"
Shape Circle Layer both
position  0.000000  2.540000 size  1.600000  1.600000 orientation 180.00
drill  0.800000
shape_offset  0.000000  0.000000
$EndPAD
$PAD "3"
Shape Circle Layer both
position  0.000000  5.080000 size  1.600000  1.600000 orientation 180.00
drill  0.800000
shape_offset  0.000000  0.000000
$EndPAD
$PAD "4"
Shape Circle Layer both
position  0.000000  7.620000 size  1.600000  1.600000 orientation 180.00
drill  0.800000
shape_offset  0.000000  0.000000
$EndPAD
$PAD "5"
Shape Circle Layer both
position  7.620000  7.620000 size  1.600000  1.600000 orientation 180.00
drill  0.800000
shape_offset  0.000000  0.000000
$EndPAD
$PAD "6"
Shape Circle Layer both
position  7.620000  5.080000 size  1.600000  1.600000 orientation 180.00
drill  0.800000
shape_offset  0.000000  0.000000
$EndPAD
$PAD "7"
Shape Circle Layer both
position  7.620000  2.540000 size  1.600000  1.600000 orientation 180.00
drill  0.800000
shape_offset  0.000000  0.000000
$EndPAD
$PAD "8"
Shape Circle Layer both
position  7.620000  0.000000 size  1.600000  1.600000 orientation 180.00
drill  0.800000
shape_offset  0.000000  0.000000
$EndPAD
$EndMODULE U2

$EndDESCRIPTION
